// Jest Snapshot v1, https://goo.gl/fbAQLP

exports[`snapshot test: Step Functions integration as expected 1`] = `
Object {
  "Outputs": Object {
    "testRestApiEndpointA2F50208": Object {
      "Value": Object {
        "Fn::Join": Array [
          "",
          Array [
            "https://",
            Object {
              "Ref": "testRestApi5A6FA7A3",
            },
            ".execute-api.",
            Object {
              "Ref": "AWS::Region",
            },
            ".",
            Object {
              "Ref": "AWS::URLSuffix",
            },
            "/",
            Object {
              "Ref": "testRestApiDeploymentStageprod5AB21DDE",
            },
            "/",
          ],
        ],
      },
    },
  },
  "Resources": Object {
    "testIntegrationtestIntegrationstatesintegrationrole75899157": Object {
      "Properties": Object {
        "AssumeRolePolicyDocument": Object {
          "Statement": Array [
            Object {
              "Action": "sts:AssumeRole",
              "Effect": "Allow",
              "Principal": Object {
                "Service": "apigateway.amazonaws.com",
              },
            },
          ],
          "Version": "2012-10-17",
        },
      },
      "Type": "AWS::IAM::Role",
    },
    "testIntegrationtestIntegrationstatesintegrationroleDefaultPolicy241A1E96": Object {
      "Properties": Object {
        "PolicyDocument": Object {
          "Statement": Array [
            Object {
              "Action": "states:StartExecution",
              "Effect": "Allow",
              "Resource": Object {
                "Ref": "testStateMachineFA72FDE7",
              },
            },
          ],
          "Version": "2012-10-17",
        },
        "PolicyName": "testIntegrationtestIntegrationstatesintegrationroleDefaultPolicy241A1E96",
        "Roles": Array [
          Object {
            "Ref": "testIntegrationtestIntegrationstatesintegrationrole75899157",
          },
        ],
      },
      "Type": "AWS::IAM::Policy",
    },
    "testRestApi5A6FA7A3": Object {
      "Properties": Object {
        "Name": "testRestApi",
      },
      "Type": "AWS::ApiGateway::RestApi",
    },
    "testRestApiAccount78640F48": Object {
      "DependsOn": Array [
        "testRestApi5A6FA7A3",
      ],
      "Properties": Object {
        "CloudWatchRoleArn": Object {
          "Fn::GetAtt": Array [
            "testRestApiCloudWatchRole995562DC",
            "Arn",
          ],
        },
      },
      "Type": "AWS::ApiGateway::Account",
    },
    "testRestApiCloudWatchRole995562DC": Object {
      "Properties": Object {
        "AssumeRolePolicyDocument": Object {
          "Statement": Array [
            Object {
              "Action": "sts:AssumeRole",
              "Effect": "Allow",
              "Principal": Object {
                "Service": "apigateway.amazonaws.com",
              },
            },
          ],
          "Version": "2012-10-17",
        },
        "ManagedPolicyArns": Array [
          Object {
            "Fn::Join": Array [
              "",
              Array [
                "arn:",
                Object {
                  "Ref": "AWS::Partition",
                },
                ":iam::aws:policy/service-role/AmazonAPIGatewayPushToCloudWatchLogs",
              ],
            ],
          },
        ],
      },
      "Type": "AWS::IAM::Role",
    },
    "testRestApiDeployment1ED9BE2Ef360572af6b1d88d1f541d7d886dbf26": Object {
      "DependsOn": Array [
        "testRestApitestResourcePOST4F369133",
        "testRestApitestResourceD4EBD8FD",
      ],
      "Properties": Object {
        "Description": "Automatically created by the RestApi construct",
        "RestApiId": Object {
          "Ref": "testRestApi5A6FA7A3",
        },
      },
      "Type": "AWS::ApiGateway::Deployment",
    },
    "testRestApiDeploymentStageprod5AB21DDE": Object {
      "Properties": Object {
        "DeploymentId": Object {
          "Ref": "testRestApiDeployment1ED9BE2Ef360572af6b1d88d1f541d7d886dbf26",
        },
        "RestApiId": Object {
          "Ref": "testRestApi5A6FA7A3",
        },
        "StageName": "prod",
      },
      "Type": "AWS::ApiGateway::Stage",
    },
    "testRestApitestResourceD4EBD8FD": Object {
      "Properties": Object {
        "ParentId": Object {
          "Fn::GetAtt": Array [
            "testRestApi5A6FA7A3",
            "RootResourceId",
          ],
        },
        "PathPart": "testResource",
        "RestApiId": Object {
          "Ref": "testRestApi5A6FA7A3",
        },
      },
      "Type": "AWS::ApiGateway::Resource",
    },
    "testRestApitestResourcePOST4F369133": Object {
      "Properties": Object {
        "AuthorizationType": "NONE",
        "HttpMethod": "POST",
        "Integration": Object {
          "Credentials": Object {
            "Fn::GetAtt": Array [
              "testIntegrationtestIntegrationstatesintegrationrole75899157",
              "Arn",
            ],
          },
          "IntegrationHttpMethod": "POST",
          "IntegrationResponses": Array [
            Object {
              "ResponseTemplates": Object {
                "application/json": "{\\"status\\":\\"failed to start the execution\\")}",
              },
              "SelectionPattern": "",
              "StatusCode": "503",
            },
            Object {
              "ResponseTemplates": Object {
                "application/json": "{\\"status\\":\\"execution started\\", \\"executionId\\": $input.json('$.executionArn').split(':')[7]}",
              },
              "SelectionPattern": "200",
              "StatusCode": "200",
            },
          ],
          "PassthroughBehavior": "NEVER",
          "RequestParameters": Object {
            "integration.request.header.Content-Type": "'application/x-www-form-urlencoded'",
          },
          "RequestTemplates": Object {
            "application/json": Object {
              "Fn::Join": Array [
                "",
                Array [
                  "{\\"stateMachineArn\\":\\"",
                  Object {
                    "Ref": "testStateMachineFA72FDE7",
                  },
                  "\\",\\"input\\":\\"$util.escapeJavaScript($input.body)\\"}",
                ],
              ],
            },
          },
          "Type": "AWS",
          "Uri": Object {
            "Fn::Join": Array [
              "",
              Array [
                "arn:",
                Object {
                  "Ref": "AWS::Partition",
                },
                ":apigateway:",
                Object {
                  "Ref": "AWS::Region",
                },
                ":states:action/StartExecution",
              ],
            ],
          },
        },
        "MethodResponses": Array [
          Object {
            "ResponseModels": Object {
              "application/json": "Empty",
            },
            "StatusCode": "503",
          },
          Object {
            "ResponseModels": Object {
              "application/json": "Empty",
            },
            "StatusCode": "200",
          },
        ],
        "ResourceId": Object {
          "Ref": "testRestApitestResourceD4EBD8FD",
        },
        "RestApiId": Object {
          "Ref": "testRestApi5A6FA7A3",
        },
      },
      "Type": "AWS::ApiGateway::Method",
    },
    "testStateMachineFA72FDE7": Object {
      "DependsOn": Array [
        "testStateMachineRole57248FD0",
      ],
      "Properties": Object {
        "DefinitionString": "{\\"StartAt\\":\\"Wait X Seconds\\",\\"States\\":{\\"Wait X Seconds\\":{\\"Type\\":\\"Wait\\",\\"SecondsPath\\":\\"$.waitSeconds\\",\\"End\\":true}}}",
        "RoleArn": Object {
          "Fn::GetAtt": Array [
            "testStateMachineRole57248FD0",
            "Arn",
          ],
        },
      },
      "Type": "AWS::StepFunctions::StateMachine",
    },
    "testStateMachineRole57248FD0": Object {
      "Properties": Object {
        "AssumeRolePolicyDocument": Object {
          "Statement": Array [
            Object {
              "Action": "sts:AssumeRole",
              "Effect": "Allow",
              "Principal": Object {
                "Service": Object {
                  "Fn::Join": Array [
                    "",
                    Array [
                      "states.",
                      Object {
                        "Ref": "AWS::Region",
                      },
                      ".amazonaws.com",
                    ],
                  ],
                },
              },
            },
          ],
          "Version": "2012-10-17",
        },
      },
      "Type": "AWS::IAM::Role",
    },
  },
}
`;
